[lista] página 1: https://www.tudogostoso.com.br/receitas
[lista] +21 (total 21/1000)
[lista] página 2: https://www.tudogostoso.com.br/receitas?page=2
[lista] +15 (total 36/1000)
[lista] página 3: https://www.tudogostoso.com.br/receitas?page=3
[lista] +15 (total 51/1000)
[lista] página 4: https://www.tudogostoso.com.br/receitas?page=4
[lista] +15 (total 66/1000)
[lista] página 5: https://www.tudogostoso.com.br/receitas?page=5
[lista] +15 (total 81/1000)
[lista] página 6: https://www.tudogostoso.com.br/receitas?page=6
[lista] +15 (total 96/1000)
[lista] página 7: https://www.tudogostoso.com.br/receitas?page=7
[lista] +15 (total 111/1000)
[lista] página 8: https://www.tudogostoso.com.br/receitas?page=8
[lista] +15 (total 126/1000)
[lista] página 9: https://www.tudogostoso.com.br/receitas?page=9
[lista] +15 (total 141/1000)
[lista] página 10: https://www.tudogostoso.com.br/receitas?page=10
[lista] +15 (total 156/1000)
[lista] página 11: https://www.tudogostoso.com.br/receitas?page=11
[lista] +15 (total 171/1000)
[lista] página 12: https://www.tudogostoso.com.br/receitas?page=12
[lista] +15 (total 186/1000)
[lista] página 13: https://www.tudogostoso.com.br/receitas?page=13
[lista] +15 (total 201/1000)
[lista] página 14: https://www.tudogostoso.com.br/receitas?page=14
[lista] +15 (total 216/1000)
[lista] página 15: https://www.tudogostoso.com.br/receitas?page=15
[lista] +15 (total 231/1000)
[lista] página 16: https://www.tudogostoso.com.br/receitas?page=16
[lista] +15 (total 246/1000)
[lista] página 17: https://www.tudogostoso.com.br/receitas?page=17
[lista] +15 (total 261/1000)
[lista] página 18: https://www.tudogostoso.com.br/receitas?page=18
[lista] +15 (total 276/1000)
[lista] página 19: https://www.tudogostoso.com.br/receitas?page=19
[lista] +15 (total 291/1000)
[lista] página 20: https://www.tudogostoso.com.br/receitas?page=20
[lista] +15 (total 306/1000)
[lista] página 21: https://www.tudogostoso.com.br/receitas?page=21
[lista] +15 (total 321/1000)
[lista] página 22: https://www.tudogostoso.com.br/receitas?page=22
[lista] +15 (total 336/1000)
[lista] página 23: https://www.tudogostoso.com.br/receitas?page=23
[lista] +15 (total 351/1000)
[lista] página 24: https://www.tudogostoso.com.br/receitas?page=24
[lista] +15 (total 366/1000)
[lista] página 25: https://www.tudogostoso.com.br/receitas?page=25
[lista] +15 (total 381/1000)
[lista] página 26: https://www.tudogostoso.com.br/receitas?page=26
[lista] +15 (total 396/1000)
[lista] página 27: https://www.tudogostoso.com.br/receitas?page=27
[lista] +15 (total 411/1000)
[lista] página 28: https://www.tudogostoso.com.br/receitas?page=28
[lista] +15 (total 426/1000)
[lista] página 29: https://www.tudogostoso.com.br/receitas?page=29
[lista] +15 (total 441/1000)
[lista] página 30: https://www.tudogostoso.com.br/receitas?page=30
[lista] +15 (total 456/1000)
[lista] página 31: https://www.tudogostoso.com.br/receitas?page=31
[lista] +15 (total 471/1000)
[lista] página 32: https://www.tudogostoso.com.br/receitas?page=32
[lista] +15 (total 486/1000)
[lista] página 33: https://www.tudogostoso.com.br/receitas?page=33
[lista] +15 (total 501/1000)
[lista] página 34: https://www.tudogostoso.com.br/receitas?page=34
[lista] +15 (total 516/1000)
[lista] página 35: https://www.tudogostoso.com.br/receitas?page=35
[lista] +15 (total 531/1000)
[lista] página 36: https://www.tudogostoso.com.br/receitas?page=36
[lista] +15 (total 546/1000)
[lista] página 37: https://www.tudogostoso.com.br/receitas?page=37
[lista] +15 (total 561/1000)
[lista] página 38: https://www.tudogostoso.com.br/receitas?page=38
[lista] +15 (total 576/1000)
[lista] página 39: https://www.tudogostoso.com.br/receitas?page=39
[lista] +15 (total 591/1000)
[lista] página 40: https://www.tudogostoso.com.br/receitas?page=40
[lista] +15 (total 606/1000)
[lista] página 41: https://www.tudogostoso.com.br/receitas?page=41
[lista] +15 (total 621/1000)
[lista] página 42: https://www.tudogostoso.com.br/receitas?page=42
[lista] +15 (total 636/1000)
[lista] página 43: https://www.tudogostoso.com.br/receitas?page=43
[lista] +15 (total 651/1000)
[lista] página 44: https://www.tudogostoso.com.br/receitas?page=44
[lista] +15 (total 666/1000)
[lista] página 45: https://www.tudogostoso.com.br/receitas?page=45
[lista] +15 (total 681/1000)
[lista] página 46: https://www.tudogostoso.com.br/receitas?page=46
[lista] +15 (total 696/1000)
[lista] página 47: https://www.tudogostoso.com.br/receitas?page=47
[lista] +15 (total 711/1000)
[lista] página 48: https://www.tudogostoso.com.br/receitas?page=48
[lista] +15 (total 726/1000)
[lista] página 49: https://www.tudogostoso.com.br/receitas?page=49
[lista] +15 (total 741/1000)
[lista] página 50: https://www.tudogostoso.com.br/receitas?page=50
[lista] +15 (total 756/1000)
[lista] página 51: https://www.tudogostoso.com.br/receitas?page=51
[lista] +15 (total 771/1000)
[lista] página 52: https://www.tudogostoso.com.br/receitas?page=52
[lista] +15 (total 786/1000)
[lista] página 53: https://www.tudogostoso.com.br/receitas?page=53
[lista] +15 (total 801/1000)
[lista] página 54: https://www.tudogostoso.com.br/receitas?page=54
[lista] +15 (total 816/1000)
[lista] página 55: https://www.tudogostoso.com.br/receitas?page=55
[lista] +15 (total 831/1000)
[lista] página 56: https://www.tudogostoso.com.br/receitas?page=56
[lista] +15 (total 846/1000)
[lista] página 57: https://www.tudogostoso.com.br/receitas?page=57
[lista] +15 (total 861/1000)
[lista] página 58: https://www.tudogostoso.com.br/receitas?page=58
[lista] +15 (total 876/1000)
[lista] página 59: https://www.tudogostoso.com.br/receitas?page=59
[lista] +15 (total 891/1000)
[lista] página 60: https://www.tudogostoso.com.br/receitas?page=60
[lista] +15 (total 906/1000)
[lista] página 61: https://www.tudogostoso.com.br/receitas?page=61
[lista] +15 (total 921/1000)
[lista] página 62: https://www.tudogostoso.com.br/receitas?page=62
[lista] +15 (total 936/1000)
[lista] página 63: https://www.tudogostoso.com.br/receitas?page=63
[lista] +15 (total 951/1000)
[lista] página 64: https://www.tudogostoso.com.br/receitas?page=64
[lista] +15 (total 966/1000)
[lista] página 65: https://www.tudogostoso.com.br/receitas?page=65
[lista] +15 (total 981/1000)
[lista] página 66: https://www.tudogostoso.com.br/receitas?page=66
[lista] +15 (total 996/1000)
[lista] página 67: https://www.tudogostoso.com.br/receitas?page=67
[lista] +4 (total 1000/1000)
Coletadas 1000 URLs; iniciando extração...
[sessão] reiniciando Playwright (a cada 50 extrações)
[1/1000] skip tg-23
[2/1000] skip tg-2313
[3/1000] skip tg-951
[4/1000] skip tg-1362
[5/1000] skip tg-10254
[6/1000] skip tg-62547
[7/1000] skip tg-3687
[8/1000] skip tg-29124
[9/1000] skip tg-4683
[10/1000] skip tg-1282
[11/1000] skip tg-760
[12/1000] skip tg-3468
[13/1000] skip tg-93498
[14/1000] skip tg-19728
[15/1000] skip tg-114
[16/1000] skip tg-320686
[17/1000] skip tg-320684
[18/1000] skip tg-320681
[19/1000] skip tg-320680
[20/1000] skip tg-320679
[21/1000] skip tg-320678
[22/1000] skip tg-9589
[23/1000] skip tg-130871
[24/1000] skip tg-79
[25/1000] skip tg-155693
[26/1000] skip tg-1316
[27/1000] skip tg-119737
[28/1000] skip tg-73135
[29/1000] skip tg-140770
[30/1000] skip tg-1599
[31/1000] skip tg-51484
[32/1000] skip tg-35829
[33/1000] skip tg-94018
[34/1000] skip tg-1621
[35/1000] skip tg-2462
[36/1000] skip tg-53203
[37/1000] skip tg-7269
[38/1000] skip tg-9614
[39/1000] skip tg-6662
[40/1000] skip tg-8072
[41/1000] skip tg-2211
[42/1000] skip tg-1600
[43/1000] skip tg-13110
[44/1000] ok tg-8054.json
[45/1000] skip tg-139339
[46/1000] skip tg-324
[47/1000] skip tg-60429
[48/1000] skip tg-144162
[49/1000] skip tg-5966
[50/1000] skip tg-876
[51/1000] skip tg-143393
[52/1000] skip tg-16
[53/1000] skip tg-612
[54/1000] skip tg-76049
[55/1000] skip tg-31593
[56/1000] skip tg-1511
[57/1000] skip tg-4224
[58/1000] skip tg-1438
[59/1000] skip tg-1363
[60/1000] skip tg-9254
[61/1000] skip tg-113143
[62/1000] skip tg-1412
[63/1000] skip tg-11252
[64/1000] skip tg-41516
[65/1000] skip tg-138603
[66/1000] skip tg-592
[67/1000] skip tg-25518
[68/1000] skip tg-33
[69/1000] skip tg-1558
[70/1000] skip tg-9031
[71/1000] skip tg-69649
[72/1000] skip tg-109535
[73/1000] skip tg-1598
[74/1000] skip tg-82681
[75/1000] skip tg-3004
[76/1000] skip tg-79996
[77/1000] skip tg-431
[78/1000] skip tg-2513
[79/1000] skip tg-94434
[80/1000] skip tg-3623
[81/1000] skip tg-897
[82/1000] skip tg-2082
[83/1000] skip tg-1443
[84/1000] skip tg-2921
[85/1000] skip tg-80342
[86/1000] skip tg-112
[87/1000] skip tg-6179
[88/1000] skip tg-104383
[89/1000] skip tg-59066
[90/1000] skip tg-4255
[91/1000] skip tg-114041
[92/1000] skip tg-2477
[93/1000] skip tg-1348
[94/1000] skip tg-4730
[95/1000] skip tg-1650
[96/1000] skip tg-456
[97/1000] skip tg-59
[98/1000] skip tg-91302
[99/1000] skip tg-24
[100/1000] skip tg-1045
[101/1000] skip tg-80686
[102/1000] skip tg-2085
[103/1000] skip tg-1408
[104/1000] skip tg-68
[105/1000] skip tg-11659
[106/1000] skip tg-49802
[107/1000] skip tg-4865
[108/1000] skip tg-116
[109/1000] skip tg-85429
[110/1000] skip tg-7201
[111/1000] skip tg-21560
[112/1000] skip tg-1278
[113/1000] skip tg-136814
[114/1000] skip tg-55
[115/1000] skip tg-538
[116/1000] skip tg-3114
[117/1000] skip tg-37290
[118/1000] skip tg-249
[119/1000] skip tg-2608
[120/1000] skip tg-1634
[121/1000] skip tg-1117
[122/1000] ok tg-735.json
[123/1000] skip tg-15150
[124/1000] skip tg-72313
[125/1000] skip tg-2228
[126/1000] skip tg-38
[127/1000] skip tg-109052
[128/1000] skip tg-20768
[129/1000] skip tg-712
[130/1000] skip tg-2107
[131/1000] skip tg-1106
[132/1000] skip tg-53631
[133/1000] skip tg-2532
[134/1000] skip tg-24104
[135/1000] skip tg-13953
[136/1000] skip tg-44278
[137/1000] skip tg-100781
[138/1000] skip tg-178357
[139/1000] skip tg-11217
[140/1000] skip tg-64879
[141/1000] skip tg-290
[142/1000] skip tg-6322
[143/1000] skip tg-73004
[144/1000] skip tg-14906
[145/1000] skip tg-6796
[146/1000] skip tg-27688
[147/1000] skip tg-14675
[148/1000] skip tg-28
[149/1000] skip tg-23026
[150/1000] skip tg-18593
[151/1000] skip tg-137142
[152/1000] skip tg-48083
[153/1000] skip tg-297
[154/1000] skip tg-44199
[155/1000] skip tg-28749
[156/1000] skip tg-35164
[157/1000] skip tg-744
[158/1000] skip tg-309779
[159/1000] skip tg-83
[160/1000] skip tg-3092
[161/1000] skip tg-15939
[162/1000] skip tg-38921
[163/1000] skip tg-125
[164/1000] skip tg-74231
[165/1000] skip tg-129
[166/1000] skip tg-490
[167/1000] skip tg-101
[168/1000] skip tg-188775
[169/1000] skip tg-117767
[170/1000] skip tg-128
[171/1000] skip tg-525
[172/1000] skip tg-2649
[173/1000] skip tg-3021
[174/1000] skip tg-52
[175/1000] skip tg-24805
[176/1000] skip tg-76
[177/1000] skip tg-1252
[178/1000] skip tg-155654
[179/1000] skip tg-53825
[180/1000] skip tg-6351
[181/1000] skip tg-1979
[182/1000] skip tg-61325
[183/1000] skip tg-29110
[184/1000] skip tg-5211
[185/1000] skip tg-12040
[186/1000] skip tg-11594
[187/1000] skip tg-1863
[188/1000] skip tg-91534
[189/1000] skip tg-88371
[190/1000] ok tg-2097.json
[191/1000] ok tg-114553.json
[192/1000] ok tg-9306.json
[193/1000] ok tg-68970.json
[194/1000] ok tg-1624.json
[195/1000] ok tg-139114.json
[196/1000] ok tg-166640.json
[197/1000] ok tg-97021.json
[198/1000] ok tg-437.json
[199/1000] ok tg-141655.json
[200/1000] ok tg-42591.json
[201/1000] ok tg-67900.json
[202/1000] ok tg-5496.json
[203/1000] ok tg-90499.json
[204/1000] ok tg-756.json
[205/1000] ok tg-142605.json
[206/1000] ok tg-139574.json
[207/1000] ok tg-15236.json
[208/1000] ok tg-7350.json
[209/1000] ok tg-668.json
[210/1000] ok tg-83793.json
[211/1000] ok tg-125788.json
[212/1000] ok tg-10283.json
[213/1000] ok tg-13411.json
[214/1000] ok tg-12649.json
[215/1000] ok tg-23317.json
[216/1000] ok tg-2644.json
[217/1000] ok tg-16251.json
[218/1000] ok tg-9732.json
[219/1000] ok tg-70.json
[220/1000] ok tg-14955.json
[221/1000] ok tg-24452.json
[222/1000] ok tg-54243.json
[223/1000] ok tg-156386.json
[224/1000] ok tg-364.json
[225/1000] ok tg-103171.json
[226/1000] ok tg-247.json
[227/1000] ok tg-8602.json
[228/1000] ok tg-54191.json
[229/1000] ok tg-25474.json
[230/1000] ok tg-306823.json
[231/1000] ok tg-499.json
[232/1000] ok tg-1703.json
[233/1000] ok tg-53464.json
[234/1000] ok tg-54323.json
[235/1000] ok tg-2831.json
[236/1000] ok tg-302.json
[237/1000] ok tg-70438.json
[sessão] reiniciando Playwright (a cada 50 extrações)
[238/1000] ok tg-10228.json
[239/1000] ok tg-31016.json
[240/1000] ok tg-9587.json
[241/1000] ok tg-1046.json
[242/1000] ok tg-3798.json
[243/1000] ok tg-106372.json
[244/1000] ok tg-43996.json
[245/1000] ok tg-66573.json
[246/1000] ok tg-27483.json
[247/1000] ok tg-28979.json
[248/1000] ok tg-17523.json
[249/1000] ok tg-7511.json
[250/1000] ok tg-101894.json
[251/1000] ok tg-5766.json
[252/1000] ok tg-12742.json
[253/1000] ok tg-3300.json
[254/1000] ok tg-97221.json
[255/1000] ok tg-105464.json
[256/1000] ok tg-11922.json
[257/1000] ok tg-6144.json
[258/1000] ok tg-1071.json
[259/1000] ok tg-4746.json
[260/1000] ok tg-99972.json
[261/1000] ok tg-1132.json
[262/1000] ok tg-250.json
[263/1000] ok tg-17924.json
[264/1000] ok tg-47884.json
[265/1000] ok tg-105255.json
[266/1000] ok tg-14526.json
[267/1000] ok tg-7187.json
[268/1000] ok tg-581.json
[269/1000] ok tg-4430.json
[270/1000] ok tg-30549.json
[271/1000] ok tg-88769.json
[272/1000] ok tg-125823.json
[273/1000] ok tg-2170.json
[274/1000] ok tg-76053.json
[275/1000] ok tg-97.json
[276/1000] ok tg-4276.json
[277/1000] ok tg-60647.json
[278/1000] ok tg-10592.json
[279/1000] ok tg-67698.json
[280/1000] ok tg-15559.json
[281/1000] ok tg-71030.json
[282/1000] ok tg-1779.json
[283/1000] ok tg-130714.json
[284/1000] ok tg-2744.json
[285/1000] ok tg-2115.json
[286/1000] ok tg-17229.json
[287/1000] ok tg-80657.json
[sessão] reiniciando Playwright (a cada 50 extrações)
[288/1000] ok tg-4899.json
[289/1000] ok tg-134285.json
[290/1000] ok tg-49612.json
[291/1000] ok tg-36201.json
[292/1000] ok tg-139648.json
[293/1000] ok tg-33068.json
[294/1000] ok tg-37486.json
[295/1000] ok tg-513.json
[296/1000] ok tg-17365.json
[297/1000] ok tg-50547.json
[298/1000] ok tg-5298.json
[299/1000] ok tg-961.json
[300/1000] ok tg-2114.json
[301/1000] ok tg-20991.json
[302/1000] ok tg-3894.json
[303/1000] ok tg-2040.json
[304/1000] ok tg-64597.json
[305/1000] ok tg-79394.json
[306/1000] ok tg-8836.json
[307/1000] ok tg-90274.json
[308/1000] ok tg-11393.json
[309/1000] ok tg-8847.json
[310/1000] ok tg-14222.json
[311/1000] ok tg-127619.json
[312/1000] ok tg-58.json
[313/1000] ok tg-64713.json
[314/1000] ok tg-8738.json
[315/1000] ok tg-35143.json
[316/1000] ok tg-310.json
[317/1000] ok tg-9125.json
[318/1000] ok tg-5263.json
[319/1000] ok tg-14950.json
[320/1000] ok tg-112749.json
[321/1000] ok tg-70214.json
[322/1000] ok tg-6303.json
[323/1000] ok tg-41954.json
[324/1000] ok tg-15577.json
[325/1000] ok tg-15665.json
[326/1000] ok tg-3689.json
[327/1000] ok tg-770.json
[328/1000] ok tg-78068.json
[329/1000] ok tg-87152.json
[330/1000] ok tg-156817.json
[331/1000] ok tg-6878.json
[332/1000] ok tg-985.json
[333/1000] ok tg-82065.json
[334/1000] ok tg-159892.json
[335/1000] ok tg-179608.json
[336/1000] ok tg-12850.json
[337/1000] ok tg-122562.json
[sessão] reiniciando Playwright (a cada 50 extrações)
[338/1000] ok tg-7918.json
[339/1000] ok tg-727.json
[340/1000] ok tg-3485.json
[341/1000] ok tg-6643.json
[342/1000] ok tg-536.json
[343/1000] ok tg-13277.json
[344/1000] ok tg-5552.json
[345/1000] ok tg-2717.json
[346/1000] ok tg-1971.json
[347/1000] ok tg-5083.json
[348/1000] ok tg-11486.json
[349/1000] ok tg-58575.json
[350/1000] ok tg-22428.json
[351/1000] ok tg-139278.json
[352/1000] ok tg-147402.json
[353/1000] ok tg-2998.json
[354/1000] ok tg-71309.json
[355/1000] ok tg-87779.json
[356/1000] ok tg-131223.json
[357/1000] ok tg-38778.json
[358/1000] ok tg-138892.json
[359/1000] ok tg-21372.json
[360/1000] ok tg-5893.json
[361/1000] ok tg-18440.json
[362/1000] ok tg-170095.json
[363/1000] ok tg-186802.json
[364/1000] ok tg-132314.json
[365/1000] ok tg-32427.json
[366/1000] ok tg-30675.json
[367/1000] ok tg-79387.json
[368/1000] ok tg-39075.json
[369/1000] ok tg-1520.json
[370/1000] ok tg-132260.json
[371/1000] ok tg-1742.json
[372/1000] ok tg-145938.json
[373/1000] ok tg-4947.json
[374/1000] ok tg-1094.json
[375/1000] ok tg-547.json
[376/1000] ok tg-10782.json
[377/1000] ok tg-4364.json
[378/1000] ok tg-11577.json
[379/1000] ok tg-20617.json
[380/1000] ok tg-64156.json
[381/1000] ok tg-975.json
[382/1000] ok tg-51.json
[383/1000] ok tg-38617.json
[384/1000] ok tg-72123.json
[385/1000] ok tg-43816.json
[386/1000] ok tg-115197.json
[387/1000] ok tg-160951.json
[sessão] reiniciando Playwright (a cada 50 extrações)
[388/1000] ok tg-111643.json
[389/1000] ok tg-39448.json
[390/1000] ok tg-121340.json
[391/1000] ok tg-60712.json
[392/1000] ok tg-145079.json
[393/1000] ok tg-144297.json
[394/1000] ok tg-31353.json
[395/1000] ok tg-1538.json
[396/1000] ok tg-155609.json
[397/1000] ok tg-6306.json
[398/1000] ok tg-13205.json
[399/1000] ok tg-10869.json
[400/1000] ok tg-63753.json
[401/1000] ok tg-3123.json
[402/1000] ok tg-9400.json
[403/1000] ok tg-1534.json
[404/1000] ok tg-950.json
[405/1000] ok tg-57.json
[406/1000] ok tg-7480.json
[407/1000] ok tg-127620.json
[408/1000] ok tg-14775.json
[409/1000] ok tg-71890.json
[410/1000] ok tg-1264.json
[411/1000] ok tg-1627.json
[412/1000] ok tg-56217.json
[413/1000] ok tg-63992.json
[414/1000] ok tg-125482.json
[415/1000] ok tg-25369.json
[416/1000] ok tg-77133.json
[417/1000] ok tg-6592.json
[418/1000] ok tg-129926.json
[419/1000] ok tg-119474.json
[420/1000] ok tg-89939.json
[421/1000] ok tg-80799.json
[422/1000] ok tg-233.json
[423/1000] ok tg-69892.json
[424/1000] ok tg-112290.json
[425/1000] ok tg-56408.json
[426/1000] ok tg-231.json
[427/1000] ok tg-1418.json
[428/1000] ok tg-142621.json
[429/1000] ok tg-11153.json
[430/1000] ok tg-134750.json
[431/1000] ok tg-108677.json
[432/1000] ok tg-145589.json
[433/1000] ok tg-23665.json
[434/1000] ok tg-19941.json
[435/1000] ok tg-3407.json
[436/1000] ok tg-109799.json
[437/1000] ok tg-6520.json
[sessão] reiniciando Playwright (a cada 50 extrações)
[438/1000] ok tg-6540.json
[439/1000] ok tg-20882.json
[440/1000] ok tg-144628.json
[441/1000] ok tg-105067.json
[442/1000] ok tg-3598.json
[443/1000] ok tg-1755.json
[444/1000] ok tg-44546.json
[445/1000] ok tg-13569.json
[446/1000] ok tg-134771.json
[447/1000] ok tg-168848.json
[448/1000] ok tg-18932.json
[449/1000] ok tg-2878.json
[450/1000] ok tg-117158.json
[451/1000] ok tg-454.json
[452/1000] ok tg-9861.json
[453/1000] ok tg-28752.json
[454/1000] ok tg-161791.json
[455/1000] ok tg-301.json
[456/1000] ok tg-22460.json
[457/1000] ok tg-137204.json
[458/1000] ok tg-10230.json
[459/1000] ok tg-129739.json
[460/1000] ok tg-35607.json
[461/1000] ok tg-57501.json
[462/1000] ok tg-95329.json
[463/1000] ok tg-2176.json
[464/1000] ok tg-13291.json
[465/1000] ok tg-2009.json
[466/1000] ok tg-10580.json
[467/1000] ok tg-11160.json
[468/1000] ok tg-3006.json
[469/1000] ok tg-154551.json
[470/1000] ok tg-1843.json
[471/1000] ok tg-256.json
[472/1000] ok tg-94119.json
[473/1000] ok tg-138800.json
[474/1000] ok tg-838.json
[475/1000] ok tg-15079.json
[476/1000] ok tg-53915.json
[477/1000] ok tg-122699.json
[478/1000] ok tg-15626.json
[479/1000] ok tg-47701.json
[480/1000] ok tg-51035.json
[481/1000] ok tg-19817.json
[482/1000] ok tg-122091.json
[483/1000] ok tg-69468.json
[484/1000] ok tg-1529.json
[485/1000] ok tg-135626.json
[486/1000] ok tg-64162.json
[487/1000] ok tg-31423.json
[sessão] reiniciando Playwright (a cada 50 extrações)
[488/1000] ok tg-12878.json
[489/1000] ok tg-2658.json
[490/1000] ok tg-173263.json
[491/1000] ok tg-141765.json
[492/1000] ok tg-10183.json
[493/1000] ok tg-10661.json
[494/1000] ok tg-312.json
[495/1000] ok tg-110745.json
[496/1000] ok tg-25297.json
[497/1000] ok tg-5019.json
[498/1000] ok tg-2137.json
[499/1000] ok tg-66041.json
[500/1000] ok tg-66748.json
[501/1000] ok tg-4832.json
[502/1000] ok tg-110449.json
[503/1000] ok tg-48426.json
[504/1000] ok tg-32418.json
[505/1000] ok tg-45255.json
[506/1000] ok tg-1154.json
[507/1000] ok tg-26848.json
[508/1000] ok tg-145497.json
[509/1000] ok tg-6454.json
[510/1000] ok tg-74928.json
[511/1000] ok tg-30.json
[512/1000] ok tg-7271.json
[513/1000] ok tg-70490.json
[514/1000] ok tg-23221.json
[515/1000] ok tg-81595.json
[516/1000] ok tg-1566.json
[517/1000] ok tg-22680.json
[518/1000] ok tg-75879.json
[519/1000] ok tg-690.json
[520/1000] ok tg-13925.json
[521/1000] ok tg-160337.json
[522/1000] ok tg-40213.json
[523/1000] ok tg-4131.json
[524/1000] ok tg-15247.json
[525/1000] ok tg-93107.json
[526/1000] ok tg-48654.json
[527/1000] ok tg-120628.json
[528/1000] ok tg-146051.json
[529/1000] ok tg-11555.json
[530/1000] ok tg-142803.json
[531/1000] ok tg-24255.json
[532/1000] ok tg-167632.json
[533/1000] ok tg-2745.json
[534/1000] ok tg-1184.json
[535/1000] ok tg-74701.json
[536/1000] ok tg-154416.json
[537/1000] ok tg-142872.json
[sessão] reiniciando Playwright (a cada 50 extrações)
[538/1000] ok tg-6544.json
[539/1000] ok tg-63314.json
[540/1000] ok tg-1440.json
[541/1000] ok tg-79439.json
[542/1000] ok tg-166964.json
[543/1000] ok tg-96721.json
[544/1000] ok tg-89261.json
[545/1000] ok tg-15313.json
[546/1000] ok tg-6724.json
[547/1000] ok tg-30433.json
[548/1000] ok tg-1514.json
[549/1000] ok tg-589.json
[550/1000] ok tg-56.json
[551/1000] ok tg-8311.json
[552/1000] ok tg-13005.json
[553/1000] ok tg-57710.json
[554/1000] ok tg-81011.json
[555/1000] ok tg-9580.json
[556/1000] ok tg-141741.json
[557/1000] ok tg-109170.json
[558/1000] ok tg-57798.json
[559/1000] ok tg-145602.json
[560/1000] ok tg-35993.json
[561/1000] ok tg-53851.json
[562/1000] ok tg-43312.json
[563/1000] ok tg-139828.json
[564/1000] ok tg-83743.json
[565/1000] ok tg-1024.json
[566/1000] ok tg-15042.json
[567/1000] ok tg-105428.json
[568/1000] ok tg-99526.json
[569/1000] ok tg-55710.json
[570/1000] ok tg-61494.json
[571/1000] ok tg-4949.json
[572/1000] ok tg-122409.json
[573/1000] ok tg-105984.json
[574/1000] ok tg-73848.json
[575/1000] ok tg-109721.json
[576/1000] ok tg-5770.json
[577/1000] ok tg-87290.json
[578/1000] ok tg-7977.json
[579/1000] ok tg-131419.json
[580/1000] ok tg-78642.json
[581/1000] ok tg-130262.json
[582/1000] ok tg-72.json
[583/1000] ok tg-16214.json
[584/1000] ok tg-57081.json
[585/1000] ok tg-14409.json
[586/1000] ok tg-97391.json
[587/1000] ok tg-10950.json
[sessão] reiniciando Playwright (a cada 50 extrações)
[588/1000] ok tg-53760.json
[589/1000] ok tg-115195.json
[590/1000] ok tg-4094.json
[591/1000] ok tg-82767.json
[592/1000] ok tg-78091.json
[593/1000] ok tg-43607.json
[594/1000] ok tg-36315.json
[595/1000] ok tg-111.json
[596/1000] ok tg-7470.json
[597/1000] ok tg-15354.json
[598/1000] ok tg-33467.json
[599/1000] ok tg-11648.json
[600/1000] ok tg-188774.json
[601/1000] ok tg-94388.json
[602/1000] ok tg-85204.json
[603/1000] ok tg-65980.json
[604/1000] ok tg-24580.json
[605/1000] ok tg-36352.json
[606/1000] ok tg-27684.json
[607/1000] ok tg-15091.json
[608/1000] ok tg-125528.json
[609/1000] ok tg-63901.json
[610/1000] ok tg-97187.json
[611/1000] ok tg-2412.json
[612/1000] ok tg-1432.json
[613/1000] ok tg-779.json
[614/1000] ok tg-51310.json
[615/1000] ok tg-10842.json
[616/1000] ok tg-4849.json
[617/1000] ok tg-115077.json
[618/1000] ok tg-67289.json
[619/1000] ok tg-71014.json
[620/1000] ok tg-13172.json
[621/1000] ok tg-141561.json
[622/1000] ok tg-74534.json
[623/1000] ok tg-141864.json
[624/1000] ok tg-121412.json
[625/1000] ok tg-42705.json
[626/1000] ok tg-14308.json
[627/1000] ok tg-133441.json
[628/1000] ok tg-2261.json
[629/1000] ok tg-21399.json
[630/1000] ok tg-4075.json
[631/1000] ok tg-15189.json
[632/1000] ok tg-143950.json
[633/1000] ok tg-123427.json
[634/1000] ok tg-61518.json
[635/1000] ok tg-171344.json
[636/1000] ok tg-14018.json
[637/1000] ok tg-154970.json
[sessão] reiniciando Playwright (a cada 50 extrações)
[638/1000] ok tg-88453.json
[639/1000] ok tg-28185.json
[640/1000] ok tg-107418.json
[641/1000] ok tg-39314.json
[642/1000] ok tg-36031.json
[643/1000] ok tg-21869.json
[644/1000] ok tg-19305.json
[645/1000] ok tg-143935.json
[646/1000] ok tg-80700.json
[647/1000] ok tg-62275.json
[648/1000] ok tg-49416.json
[649/1000] ok tg-117094.json
[650/1000] ok tg-716.json
[651/1000] ok tg-7576.json
[652/1000] ok tg-7518.json
[653/1000] ok tg-2136.json
[654/1000] ok tg-114337.json
[655/1000] ok tg-529.json
[656/1000] ok tg-108037.json
[657/1000] ok tg-15246.json
[658/1000] ok tg-90801.json
[659/1000] ok tg-2098.json
[660/1000] ok tg-77380.json
[661/1000] ok tg-3638.json
[662/1000] ok tg-1334.json
[663/1000] ok tg-1213.json
[664/1000] ok tg-39714.json
[665/1000] ok tg-8402.json
[666/1000] ok tg-109683.json
[667/1000] ok tg-128042.json
[668/1000] ok tg-53709.json
[669/1000] ok tg-21079.json
[670/1000] ok tg-12562.json
[671/1000] ok tg-110765.json
[672/1000] ok tg-94808.json
[673/1000] ok tg-103814.json
[674/1000] ok tg-9178.json
[675/1000] ok tg-17939.json
[676/1000] ok tg-104807.json
[677/1000] ok tg-39978.json
[678/1000] ok tg-8743.json
[679/1000] ok tg-41721.json
[680/1000] ok tg-39547.json
[681/1000] ok tg-18897.json
[682/1000] ok tg-8348.json
[683/1000] ok tg-521.json
[684/1000] ok tg-168455.json
[685/1000] ok tg-761.json
[686/1000] ok tg-514.json
[687/1000] ok tg-8955.json
[sessão] reiniciando Playwright (a cada 50 extrações)
[688/1000] ok tg-5887.json
[689/1000] ok tg-98130.json
[690/1000] ok tg-110025.json
[691/1000] ok tg-130049.json
[692/1000] ok tg-74294.json
[693/1000] ok tg-109735.json
[694/1000] ok tg-156422.json
[695/1000] ok tg-55080.json
[696/1000] ok tg-110257.json
[697/1000] ok tg-3481.json
[698/1000] ok tg-165944.json
[699/1000] ok tg-55526.json
[700/1000] ok tg-10091.json
[701/1000] ok tg-21.json
[702/1000] ok tg-19326.json
[703/1000] ok tg-1380.json
[704/1000] ok tg-820.json
[705/1000] ok tg-73010.json
[706/1000] ok tg-12216.json
[707/1000] ok tg-2753.json
[708/1000] ok tg-19969.json
[709/1000] ok tg-2519.json
[710/1000] ok tg-144561.json
[711/1000] ok tg-64954.json
[712/1000] ok tg-70713.json
[713/1000] ok tg-70016.json
[714/1000] ok tg-20566.json
[715/1000] ok tg-15392.json
[716/1000] ok tg-19882.json
[717/1000] ok tg-11367.json
[718/1000] ok tg-10971.json
[719/1000] ok tg-18071.json
[720/1000] ok tg-120774.json
[721/1000] ok tg-21429.json
[722/1000] ok tg-142450.json
[723/1000] ok tg-54706.json
[724/1000] ok tg-38585.json
[725/1000] ok tg-1047.json
[726/1000] ok tg-5481.json
[727/1000] ok tg-24645.json
[728/1000] ok tg-73854.json
[729/1000] ok tg-144562.json
[730/1000] ok tg-32494.json
[731/1000] ok tg-54341.json
[732/1000] ok tg-2260.json
[733/1000] ok tg-109885.json
[734/1000] ok tg-65824.json
[735/1000] ok tg-141054.json
[736/1000] ok tg-120460.json
[737/1000] ok tg-88361.json
[sessão] reiniciando Playwright (a cada 50 extrações)
[738/1000] ok tg-326.json
[739/1000] ok tg-156069.json
[740/1000] ok tg-173520.json
[741/1000] ok tg-39.json
[742/1000] ok tg-134642.json
[743/1000] ok tg-63479.json
[744/1000] ok tg-366.json
[745/1000] ok tg-146012.json
[746/1000] ok tg-17330.json
[747/1000] ok tg-29247.json
[748/1000] ok tg-16918.json
[749/1000] ok tg-107734.json
[750/1000] ok tg-60592.json
[751/1000] ok tg-12796.json
[752/1000] ok tg-14485.json
[753/1000] ok tg-787.json
[754/1000] ok tg-13974.json
[755/1000] ok tg-95378.json
[756/1000] ok tg-102696.json
[757/1000] ok tg-61257.json
[758/1000] ok tg-72398.json
[759/1000] ok tg-48340.json
[760/1000] ok tg-109509.json
[761/1000] ok tg-508.json
[762/1000] ok tg-66524.json
[763/1000] ok tg-12934.json
[764/1000] ok tg-6113.json
[765/1000] ok tg-43575.json
[766/1000] ok tg-14235.json
[767/1000] ok tg-16337.json
[768/1000] ok tg-77137.json
[769/1000] ok tg-3408.json
[770/1000] ok tg-108951.json
[771/1000] ok tg-135316.json
[772/1000] ok tg-823.json
[773/1000] ok tg-6863.json
[774/1000] ok tg-22863.json
[775/1000] ok tg-27.json
[776/1000] ok tg-124099.json
[777/1000] ok tg-5965.json
[778/1000] ok tg-47092.json
[779/1000] ok tg-7713.json
[780/1000] ok tg-48688.json
[781/1000] ok tg-141131.json
[782/1000] ok tg-57866.json
[783/1000] ok tg-1839.json
[784/1000] ok tg-16534.json
[785/1000] ok tg-15317.json
[786/1000] ok tg-127187.json
[787/1000] ok tg-3279.json
[sessão] reiniciando Playwright (a cada 50 extrações)
[788/1000] ok tg-36771.json
[789/1000] ok tg-59231.json
[790/1000] ok tg-6311.json
[791/1000] ok tg-23202.json
[792/1000] ok tg-37984.json
[793/1000] ok tg-20864.json
[794/1000] ok tg-143074.json
[795/1000] ok tg-17094.json
[796/1000] ok tg-957.json
[797/1000] ok tg-164002.json
[798/1000] ok tg-373.json
[799/1000] ok tg-21526.json
[800/1000] ok tg-134848.json
[801/1000] ok tg-74403.json
[802/1000] ok tg-155908.json
[803/1000] ok tg-44135.json
[804/1000] ok tg-11915.json
[805/1000] ok tg-75383.json
[806/1000] ok tg-1897.json
[807/1000] ok tg-25097.json
[808/1000] ok tg-171570.json
[809/1000] ok tg-4754.json
[810/1000] ok tg-28672.json
[811/1000] ok tg-78121.json
[812/1000] ok tg-36992.json
[813/1000] ok tg-6478.json
[814/1000] ok tg-68814.json
[815/1000] ok tg-79600.json
[816/1000] ok tg-15191.json
[817/1000] ok tg-14392.json
[818/1000] ok tg-135541.json
[819/1000] ok tg-110.json
[820/1000] ok tg-8576.json
[821/1000] ok tg-48255.json
[822/1000] ok tg-16447.json
[823/1000] ok tg-65998.json
[824/1000] ok tg-113381.json
[825/1000] ok tg-147724.json
[826/1000] ok tg-30068.json
[827/1000] ok tg-17139.json
[828/1000] ok tg-61695.json
[829/1000] ok tg-8605.json
[830/1000] ok tg-156377.json
[831/1000] ok tg-12746.json
[832/1000] ok tg-26695.json
[833/1000] ok tg-75.json
[834/1000] ok tg-18857.json
[835/1000] ok tg-367.json
[836/1000] ok tg-10701.json
[837/1000] ok tg-95772.json
[sessão] reiniciando Playwright (a cada 50 extrações)
[838/1000] ok tg-144017.json
[839/1000] ok tg-3051.json
[840/1000] ok tg-4183.json
[841/1000] ok tg-54675.json
[842/1000] ok tg-11371.json
[843/1000] ok tg-100303.json
[844/1000] ok tg-81743.json
[845/1000] ok tg-31.json
[846/1000] ok tg-2126.json
[847/1000] ok tg-103493.json
[848/1000] ok tg-15762.json
[849/1000] ok tg-14777.json
[850/1000] ok tg-129768.json
[851/1000] ok tg-54592.json
[852/1000] ok tg-23133.json
[853/1000] ok tg-9581.json
[854/1000] ok tg-37088.json
[855/1000] ok tg-128269.json
[856/1000] ok tg-156320.json
[857/1000] ok tg-1786.json
[858/1000] ok tg-57415.json
[859/1000] ok tg-3163.json
[860/1000] ok tg-68773.json
[861/1000] ok tg-57287.json
[862/1000] ok tg-177096.json
[863/1000] ok tg-15026.json
[864/1000] ok tg-73397.json
[865/1000] ok tg-5519.json
[866/1000] ok tg-13606.json
[867/1000] ok tg-47070.json
[868/1000] ok tg-162225.json
[869/1000] ok tg-48772.json
[870/1000] ok tg-50594.json
[871/1000] ok tg-35.json
[872/1000] ok tg-146540.json
[873/1000] ok tg-120415.json
[874/1000] ok tg-3469.json
[875/1000] ok tg-52845.json
[876/1000] ok tg-67715.json
[877/1000] ok tg-147813.json
[878/1000] ok tg-36083.json
[879/1000] ok tg-6694.json
[880/1000] ok tg-61152.json
[881/1000] ok tg-97194.json
[882/1000] ok tg-2020.json
[883/1000] ok tg-58194.json
[884/1000] ok tg-122524.json
[885/1000] ok tg-52166.json
[886/1000] ok tg-9473.json
[887/1000] ok tg-22810.json
[sessão] reiniciando Playwright (a cada 50 extrações)
[888/1000] ok tg-27564.json
[889/1000] ok tg-1684.json
[890/1000] ok tg-1404.json
[891/1000] ok tg-6750.json
[892/1000] ok tg-34953.json
[893/1000] ok tg-319.json
[894/1000] ok tg-95561.json
[895/1000] ok tg-42964.json
[896/1000] ok tg-18826.json
[897/1000] ok tg-140650.json
[898/1000] ok tg-19166.json
[899/1000] ok tg-119423.json
[900/1000] ok tg-102.json
[901/1000] ok tg-12606.json
[902/1000] ok tg-14903.json
[903/1000] ok tg-146079.json
[904/1000] ok tg-90990.json
[905/1000] ok tg-24430.json
[906/1000] ok tg-80024.json
[907/1000] ok tg-11500.json
[908/1000] ok tg-492.json
[909/1000] ok tg-14836.json
[910/1000] ok tg-1148.json
[911/1000] ok tg-15366.json
[912/1000] ok tg-106581.json
[913/1000] ok tg-55232.json
[914/1000] ok tg-68002.json
[915/1000] ok tg-5861.json
[916/1000] ok tg-52822.json
[917/1000] ok tg-29688.json
[918/1000] ok tg-1125.json
[919/1000] ok tg-74446.json
[920/1000] ok tg-1887.json
[921/1000] ok tg-178264.json
[922/1000] ok tg-30561.json
[923/1000] ok tg-32560.json
[924/1000] ok tg-21049.json
[925/1000] ok tg-111148.json
[926/1000] ok tg-139002.json
[927/1000] ok tg-115909.json
[928/1000] ok tg-50904.json
[929/1000] ok tg-157888.json
[930/1000] ok tg-1819.json
[931/1000] ok tg-2089.json
[932/1000] ok tg-106582.json
[933/1000] ok tg-4257.json
[934/1000] ok tg-90266.json
[935/1000] ok tg-190992.json
[936/1000] ok tg-95414.json
[937/1000] ok tg-100853.json
[sessão] reiniciando Playwright (a cada 50 extrações)
[938/1000] ok tg-32417.json
[939/1000] ok tg-32.json
[940/1000] ok tg-93348.json
[941/1000] ok tg-121373.json
[942/1000] ok tg-54043.json
[943/1000] ok tg-134965.json
[944/1000] ok tg-18864.json
[945/1000] ok tg-114002.json
[946/1000] ok tg-41735.json
[947/1000] ok tg-120856.json
[948/1000] ok tg-43534.json
[949/1000] ok tg-42288.json
[950/1000] ok tg-8747.json
[951/1000] ok tg-13576.json
[952/1000] ok tg-139654.json
[953/1000] ok tg-86694.json
[954/1000] ok tg-183595.json
[955/1000] ok tg-109467.json
[956/1000] ok tg-62060.json
[957/1000] ok tg-60637.json
[958/1000] ok tg-15757.json
[959/1000] ok tg-93341.json
[960/1000] ok tg-53975.json
[961/1000] ok tg-145227.json
[962/1000] ok tg-143560.json
[963/1000] ok tg-39239.json
[964/1000] ok tg-166434.json
[965/1000] ok tg-154286.json
[966/1000] ok tg-1865.json
[967/1000] ok tg-53238.json
[968/1000] ok tg-31820.json
[969/1000] ok tg-170262.json
[970/1000] ok tg-5902.json
[971/1000] ok tg-98800.json
[972/1000] ok tg-147577.json
[973/1000] ok tg-35343.json
[974/1000] ok tg-146529.json
[975/1000] ok tg-1102.json
[976/1000] ok tg-11218.json
[977/1000] ok tg-27845.json
[978/1000] ok tg-3230.json
[979/1000] ok tg-10041.json
[980/1000] ok tg-14924.json
[981/1000] ok tg-63768.json
[982/1000] ok tg-91543.json
[983/1000] ok tg-153997.json
[984/1000] ok tg-137885.json
[985/1000] ok tg-111439.json
[986/1000] ok tg-113808.json
[987/1000] ok tg-132974.json
[sessão] reiniciando Playwright (a cada 50 extrações)
[988/1000] ok tg-89973.json
[989/1000] ok tg-1998.json
[990/1000] ok tg-110928.json
[991/1000] ok tg-22596.json
[992/1000] ok tg-83036.json
[993/1000] ok tg-118043.json
[994/1000] ok tg-92551.json
[995/1000] ok tg-131591.json
[996/1000] ok tg-87189.json
[997/1000] ok tg-34839.json
[998/1000] ok tg-4907.json
[999/1000] ok tg-43613.json
[1000/1000] ok tg-127930.json
Concluído: ok=813 skip=187 erro=0 (NUM_RECEITAS=1000)
